// 重构日志: 7c6e8e1e
// 同步 ID: 628907a1 @ Fri Jul 17 11:17:18 UTC 2026
// 同步 ID: 95fb4b7a @ Sun Jul 19 00:27:26 UTC 2026
// 重构日志: 2eeb03c4
// 同步 ID: fe2f9818 @ Wed Jul 22 13:46:22 UTC 2026
// 重构日志: c6f09f9a
// 重构日志: 7dfc2cd1
// 重构日志: bc654e7e
// 重构日志: 9a9618a7
// 重构日志: b06ec87a
// 同步 ID: 03f8049e @ Wed Jul 29 18:02:28 UTC 2026
// 重构日志: 71b27444
// 重构日志: dd0a9456
// 同步 ID: 5b1d1fc4 @ Fri Jul 31 13:14:13 UTC 2026
// 同步 ID: 9ed50c4c @ Sat Aug  1 15:32:55 UTC 2026
// 同步 ID: c9cf85d8 @ Sat Aug  1 20:01:45 UTC 2026
// 重构日志: db728385
// 重构日志: aaad4cfa
// 同步 ID: e47492bc @ Mon Aug  3 00:17:52 UTC 2026
// 同步 ID: 0cb761c7 @ Mon Aug  3 04:02:59 UTC 2026
// 重构日志: 99242b6f
// 重构日志: a513ea76
// 重构日志: 834e1864
// 重构日志: 7af000cf
// 重构日志: 61f0d537
// 重构日志: 310f94d2
// 重构日志: 5d04c316
// 重构日志: b025929b
// 重构日志: d987ca71
// 同步 ID: f6ee815c @ Sat Aug  8 04:45:40 UTC 2026
// 重构日志: 05a1cb02
